#2026 04 13 19:06:34.463#Z#DEBUG#be2d3d37-376b-11f1-938a-eeee0a8c9147.BTP_CI_CD_Deployment_CAPM-approuter#flowable-async-job-executor-thread-20346#
[PollStageAppStatusExecution] 56922c12-bbe9-4d92-96fb-99e2e7d3caea [2026-04-13T19:05:47.567169] Updated app with guid 56922c12-bbe9-4d92-96fb-99e2e7d3caea ({"lifecycle"=>{"data"=>{"buildpacks"=>[]}, "type"=>"buildpack"}}) (STDOUT, API)#
#2026 04 13 19:06:34.463#Z#DEBUG#be2d3d37-376b-11f1-938a-eeee0a8c9147.BTP_CI_CD_Deployment_CAPM-approuter#flowable-async-job-executor-thread-20346#
[PollStageAppStatusExecution] 56922c12-bbe9-4d92-96fb-99e2e7d3caea [2026-04-13T19:05:47.686955] Updating process: "web" (STDOUT, API)#
#2026 04 13 19:06:34.463#Z#DEBUG#be2d3d37-376b-11f1-938a-eeee0a8c9147.BTP_CI_CD_Deployment_CAPM-approuter#flowable-async-job-executor-thread-20346#
[PollStageAppStatusExecution] 56922c12-bbe9-4d92-96fb-99e2e7d3caea [2026-04-13T19:06:14.741723] Uploading app package for app with guid 56922c12-bbe9-4d92-96fb-99e2e7d3caea (STDOUT, API)#
#2026 04 13 19:06:34.463#Z#DEBUG#be2d3d37-376b-11f1-938a-eeee0a8c9147.BTP_CI_CD_Deployment_CAPM-approuter#flowable-async-job-executor-thread-20346#
[PollStageAppStatusExecution] 56922c12-bbe9-4d92-96fb-99e2e7d3caea [2026-04-13T19:06:14.993874] Updated app with guid 56922c12-bbe9-4d92-96fb-99e2e7d3caea ({"environment_variables"=>"[PRIVATE DATA HIDDEN]"}) (STDOUT, API)#
#2026 04 13 19:06:34.463#Z#DEBUG#be2d3d37-376b-11f1-938a-eeee0a8c9147.BTP_CI_CD_Deployment_CAPM-approuter#flowable-async-job-executor-thread-20346#
[PollStageAppStatusExecution] 56922c12-bbe9-4d92-96fb-99e2e7d3caea [2026-04-13T19:06:24.694362] Stopping app with guid 56922c12-bbe9-4d92-96fb-99e2e7d3caea (STDOUT, API)#
#2026 04 13 19:06:34.463#Z#DEBUG#be2d3d37-376b-11f1-938a-eeee0a8c9147.BTP_CI_CD_Deployment_CAPM-approuter#flowable-async-job-executor-thread-20346#
[PollStageAppStatusExecution] 56922c12-bbe9-4d92-96fb-99e2e7d3caea [2026-04-13T19:06:24.738545] Cell 77283d80-dfa7-40ba-ba4e-265aef112085 stopping instance 069e8420-8d5d-4066-7c7f-8ffc (STDOUT, CELL)#
#2026 04 13 19:06:34.463#Z#DEBUG#be2d3d37-376b-11f1-938a-eeee0a8c9147.BTP_CI_CD_Deployment_CAPM-approuter#flowable-async-job-executor-thread-20346#
[PollStageAppStatusExecution] 56922c12-bbe9-4d92-96fb-99e2e7d3caea [2026-04-13T19:06:24.974104] Creating build for app with guid 56922c12-bbe9-4d92-96fb-99e2e7d3caea (STDOUT, API)#
#2026 04 13 19:06:34.463#Z#DEBUG#be2d3d37-376b-11f1-938a-eeee0a8c9147.BTP_CI_CD_Deployment_CAPM-approuter#flowable-async-job-executor-thread-20346#
[PollStageAppStatusExecution] 56922c12-bbe9-4d92-96fb-99e2e7d3caea [2026-04-13T19:06:25.662196] Downloading zero_trust_sidecar_buildpack_1_15... (STDOUT, STG)#
#2026 04 13 19:06:34.463#Z#DEBUG#be2d3d37-376b-11f1-938a-eeee0a8c9147.BTP_CI_CD_Deployment_CAPM-approuter#flowable-async-job-executor-thread-20346#
[PollStageAppStatusExecution] 56922c12-bbe9-4d92-96fb-99e2e7d3caea [2026-04-13T19:06:25.663021] Downloading staticfile_buildpack... (STDOUT, STG)#
#2026 04 13 19:06:34.463#Z#DEBUG#be2d3d37-376b-11f1-938a-eeee0a8c9147.BTP_CI_CD_Deployment_CAPM-approuter#flowable-async-job-executor-thread-20346#
[PollStageAppStatusExecution] 56922c12-bbe9-4d92-96fb-99e2e7d3caea [2026-04-13T19:06:25.663135] Downloading java_buildpack... (STDOUT, STG)#
#2026 04 13 19:06:34.463#Z#DEBUG#be2d3d37-376b-11f1-938a-eeee0a8c9147.BTP_CI_CD_Deployment_CAPM-approuter#flowable-async-job-executor-thread-20346#
[PollStageAppStatusExecution] 56922c12-bbe9-4d92-96fb-99e2e7d3caea [2026-04-13T19:06:25.663228] Downloading nodejs_buildpack... (STDOUT, STG)#
#2026 04 13 19:06:34.463#Z#DEBUG#be2d3d37-376b-11f1-938a-eeee0a8c9147.BTP_CI_CD_Deployment_CAPM-approuter#flowable-async-job-executor-thread-20346#
[PollStageAppStatusExecution] 56922c12-bbe9-4d92-96fb-99e2e7d3caea [2026-04-13T19:06:25.679617] Downloading go_buildpack... (STDOUT, STG)#
#2026 04 13 19:06:34.463#Z#DEBUG#be2d3d37-376b-11f1-938a-eeee0a8c9147.BTP_CI_CD_Deployment_CAPM-approuter#flowable-async-job-executor-thread-20346#
[PollStageAppStatusExecution] 56922c12-bbe9-4d92-96fb-99e2e7d3caea [2026-04-13T19:06:25.713626] Downloaded nodejs_buildpack (STDOUT, STG)#
#2026 04 13 19:06:34.463#Z#DEBUG#be2d3d37-376b-11f1-938a-eeee0a8c9147.BTP_CI_CD_Deployment_CAPM-approuter#flowable-async-job-executor-thread-20346#
[PollStageAppStatusExecution] 56922c12-bbe9-4d92-96fb-99e2e7d3caea [2026-04-13T19:06:25.713662] Downloading python_buildpack... (STDOUT, STG)#
#2026 04 13 19:06:34.463#Z#DEBUG#be2d3d37-376b-11f1-938a-eeee0a8c9147.BTP_CI_CD_Deployment_CAPM-approuter#flowable-async-job-executor-thread-20346#
[PollStageAppStatusExecution] 56922c12-bbe9-4d92-96fb-99e2e7d3caea [2026-04-13T19:06:25.716191] Downloaded java_buildpack (STDOUT, STG)#
#2026 04 13 19:06:34.463#Z#DEBUG#be2d3d37-376b-11f1-938a-eeee0a8c9147.BTP_CI_CD_Deployment_CAPM-approuter#flowable-async-job-executor-thread-20346#
[PollStageAppStatusExecution] 56922c12-bbe9-4d92-96fb-99e2e7d3caea [2026-04-13T19:06:25.716254] Downloading php_buildpack... (STDOUT, STG)#
#2026 04 13 19:06:34.463#Z#DEBUG#be2d3d37-376b-11f1-938a-eeee0a8c9147.BTP_CI_CD_Deployment_CAPM-approuter#flowable-async-job-executor-thread-20346#
[PollStageAppStatusExecution] 56922c12-bbe9-4d92-96fb-99e2e7d3caea [2026-04-13T19:06:25.718298] Downloaded zero_trust_sidecar_buildpack_1_15 (STDOUT, STG)#
#2026 04 13 19:06:34.463#Z#DEBUG#be2d3d37-376b-11f1-938a-eeee0a8c9147.BTP_CI_CD_Deployment_CAPM-approuter#flowable-async-job-executor-thread-20346#
[PollStageAppStatusExecution] 56922c12-bbe9-4d92-96fb-99e2e7d3caea [2026-04-13T19:06:25.718324] Downloading nginx_buildpack... (STDOUT, STG)#
#2026 04 13 19:06:34.463#Z#DEBUG#be2d3d37-376b-11f1-938a-eeee0a8c9147.BTP_CI_CD_Deployment_CAPM-approuter#flowable-async-job-executor-thread-20346#
[PollStageAppStatusExecution] 56922c12-bbe9-4d92-96fb-99e2e7d3caea [2026-04-13T19:06:25.725168] Downloaded staticfile_buildpack (STDOUT, STG)#
#2026 04 13 19:06:34.463#Z#DEBUG#be2d3d37-376b-11f1-938a-eeee0a8c9147.BTP_CI_CD_Deployment_CAPM-approuter#flowable-async-job-executor-thread-20346#
[PollStageAppStatusExecution] 56922c12-bbe9-4d92-96fb-99e2e7d3caea [2026-04-13T19:06:25.725193] Downloading binary_buildpack... (STDOUT, STG)#
#2026 04 13 19:06:34.463#Z#DEBUG#be2d3d37-376b-11f1-938a-eeee0a8c9147.BTP_CI_CD_Deployment_CAPM-approuter#flowable-async-job-executor-thread-20346#
[PollStageAppStatusExecution] 56922c12-bbe9-4d92-96fb-99e2e7d3caea [2026-04-13T19:06:25.725442] Downloaded go_buildpack (STDOUT, STG)#
#2026 04 13 19:06:34.463#Z#DEBUG#be2d3d37-376b-11f1-938a-eeee0a8c9147.BTP_CI_CD_Deployment_CAPM-approuter#flowable-async-job-executor-thread-20346#
[PollStageAppStatusExecution] 56922c12-bbe9-4d92-96fb-99e2e7d3caea [2026-04-13T19:06:25.725462] Downloading sap_java_buildpack_jakarta... (STDOUT, STG)#
#2026 04 13 19:06:34.463#Z#DEBUG#be2d3d37-376b-11f1-938a-eeee0a8c9147.BTP_CI_CD_Deployment_CAPM-approuter#flowable-async-job-executor-thread-20346#
[PollStageAppStatusExecution] 56922c12-bbe9-4d92-96fb-99e2e7d3caea [2026-04-13T19:06:25.738589] Downloaded php_buildpack (STDOUT, STG)#
#2026 04 13 19:06:34.463#Z#DEBUG#be2d3d37-376b-11f1-938a-eeee0a8c9147.BTP_CI_CD_Deployment_CAPM-approuter#flowable-async-job-executor-thread-20346#
[PollStageAppStatusExecution] 56922c12-bbe9-4d92-96fb-99e2e7d3caea [2026-04-13T19:06:25.738615] Downloading sap_java_buildpack_jakarta_2_55... (STDOUT, STG)#
#2026 04 13 19:06:34.463#Z#DEBUG#be2d3d37-376b-11f1-938a-eeee0a8c9147.BTP_CI_CD_Deployment_CAPM-approuter#flowable-async-job-executor-thread-20346#
[PollStageAppStatusExecution] 56922c12-bbe9-4d92-96fb-99e2e7d3caea [2026-04-13T19:06:25.756197] Downloaded python_buildpack (STDOUT, STG)#
#2026 04 13 19:06:34.463#Z#DEBUG#be2d3d37-376b-11f1-938a-eeee0a8c9147.BTP_CI_CD_Deployment_CAPM-approuter#flowable-async-job-executor-thread-20346#
[PollStageAppStatusExecution] 56922c12-bbe9-4d92-96fb-99e2e7d3caea [2026-04-13T19:06:25.756225] Downloading sap_java_buildpack_jakarta_2_53... (STDOUT, STG)#
#2026 04 13 19:06:34.463#Z#DEBUG#be2d3d37-376b-11f1-938a-eeee0a8c9147.BTP_CI_CD_Deployment_CAPM-approuter#flowable-async-job-executor-thread-20346#
[PollStageAppStatusExecution] 56922c12-bbe9-4d92-96fb-99e2e7d3caea [2026-04-13T19:06:25.764877] Downloaded nginx_buildpack (STDOUT, STG)#
#2026 04 13 19:06:34.463#Z#DEBUG#be2d3d37-376b-11f1-938a-eeee0a8c9147.BTP_CI_CD_Deployment_CAPM-approuter#flowable-async-job-executor-thread-20346#
[PollStageAppStatusExecution] 56922c12-bbe9-4d92-96fb-99e2e7d3caea [2026-04-13T19:06:25.764904] Downloading sap_java_buildpack_jakarta_2_51... (STDOUT, STG)#
#2026 04 13 19:06:34.463#Z#DEBUG#be2d3d37-376b-11f1-938a-eeee0a8c9147.BTP_CI_CD_Deployment_CAPM-approuter#flowable-async-job-executor-thread-20346#
[PollStageAppStatusExecution] 56922c12-bbe9-4d92-96fb-99e2e7d3caea [2026-04-13T19:06:25.767309] Downloaded sap_java_buildpack_jakarta (STDOUT, STG)#
#2026 04 13 19:06:34.463#Z#DEBUG#be2d3d37-376b-11f1-938a-eeee0a8c9147.BTP_CI_CD_Deployment_CAPM-approuter#flowable-async-job-executor-thread-20346#
[PollStageAppStatusExecution] 56922c12-bbe9-4d92-96fb-99e2e7d3caea [2026-04-13T19:06:25.767332] Downloading zero_trust_sidecar_buildpack_1_14... (STDOUT, STG)#
#2026 04 13 19:06:34.463#Z#DEBUG#be2d3d37-376b-11f1-938a-eeee0a8c9147.BTP_CI_CD_Deployment_CAPM-approuter#flowable-async-job-executor-thread-20346#
[PollStageAppStatusExecution] 56922c12-bbe9-4d92-96fb-99e2e7d3caea [2026-04-13T19:06:25.769592] Downloaded binary_buildpack (STDOUT, STG)#
#2026 04 13 19:06:34.463#Z#DEBUG#be2d3d37-376b-11f1-938a-eeee0a8c9147.BTP_CI_CD_Deployment_CAPM-approuter#flowable-async-job-executor-thread-20346#
[PollStageAppStatusExecution] 56922c12-bbe9-4d92-96fb-99e2e7d3caea [2026-04-13T19:06:25.769613] Downloading zero_trust_sidecar_buildpack_1_13... (STDOUT, STG)#
#2026 04 13 19:06:34.463#Z#DEBUG#be2d3d37-376b-11f1-938a-eeee0a8c9147.BTP_CI_CD_Deployment_CAPM-approuter#flowable-async-job-executor-thread-20346#
[PollStageAppStatusExecution] 56922c12-bbe9-4d92-96fb-99e2e7d3caea [2026-04-13T19:06:25.792783] Downloaded sap_java_buildpack_jakarta_2_55 (STDOUT, STG)#
#2026 04 13 19:06:34.463#Z#DEBUG#be2d3d37-376b-11f1-938a-eeee0a8c9147.BTP_CI_CD_Deployment_CAPM-approuter#flowable-async-job-executor-thread-20346#
[PollStageAppStatusExecution] 56922c12-bbe9-4d92-96fb-99e2e7d3caea [2026-04-13T19:06:25.792824] Downloading zero_trust_sidecar_buildpack... (STDOUT, STG)#
#2026 04 13 19:06:34.463#Z#DEBUG#be2d3d37-376b-11f1-938a-eeee0a8c9147.BTP_CI_CD_Deployment_CAPM-approuter#flowable-async-job-executor-thread-20346#
[PollStageAppStatusExecution] 56922c12-bbe9-4d92-96fb-99e2e7d3caea [2026-04-13T19:06:25.794881] Downloaded sap_java_buildpack_jakarta_2_53 (STDOUT, STG)#
#2026 04 13 19:06:34.463#Z#DEBUG#be2d3d37-376b-11f1-938a-eeee0a8c9147.BTP_CI_CD_Deployment_CAPM-approuter#flowable-async-job-executor-thread-20346#
[PollStageAppStatusExecution] 56922c12-bbe9-4d92-96fb-99e2e7d3caea [2026-04-13T19:06:25.811599] Downloaded zero_trust_sidecar_buildpack_1_14 (STDOUT, STG)#
#2026 04 13 19:06:34.463#Z#DEBUG#be2d3d37-376b-11f1-938a-eeee0a8c9147.BTP_CI_CD_Deployment_CAPM-approuter#flowable-async-job-executor-thread-20346#
[PollStageAppStatusExecution] 56922c12-bbe9-4d92-96fb-99e2e7d3caea [2026-04-13T19:06:25.811696] Downloaded sap_java_buildpack_jakarta_2_51 (STDOUT, STG)#
#2026 04 13 19:06:34.463#Z#DEBUG#be2d3d37-376b-11f1-938a-eeee0a8c9147.BTP_CI_CD_Deployment_CAPM-approuter#flowable-async-job-executor-thread-20346#
[PollStageAppStatusExecution] 56922c12-bbe9-4d92-96fb-99e2e7d3caea [2026-04-13T19:06:25.818115] Downloaded zero_trust_sidecar_buildpack_1_13 (STDOUT, STG)#
#2026 04 13 19:06:34.463#Z#DEBUG#be2d3d37-376b-11f1-938a-eeee0a8c9147.BTP_CI_CD_Deployment_CAPM-approuter#flowable-async-job-executor-thread-20346#
[PollStageAppStatusExecution] 56922c12-bbe9-4d92-96fb-99e2e7d3caea [2026-04-13T19:06:25.844446] Downloaded zero_trust_sidecar_buildpack (STDOUT, STG)#
#2026 04 13 19:06:34.463#Z#DEBUG#be2d3d37-376b-11f1-938a-eeee0a8c9147.BTP_CI_CD_Deployment_CAPM-approuter#flowable-async-job-executor-thread-20346#
[PollStageAppStatusExecution] 56922c12-bbe9-4d92-96fb-99e2e7d3caea [2026-04-13T19:06:25.844540] Cell 77283d80-dfa7-40ba-ba4e-265aef112085 creating container for instance 82d9fcf1-89e7-4bd1-9470-ea9ed6a7b51a (STDOUT, STG)#
#2026 04 13 19:06:34.463#Z#DEBUG#be2d3d37-376b-11f1-938a-eeee0a8c9147.BTP_CI_CD_Deployment_CAPM-approuter#flowable-async-job-executor-thread-20346#
[PollStageAppStatusExecution] 56922c12-bbe9-4d92-96fb-99e2e7d3caea [2026-04-13T19:06:26.764646] Security group rules were updated (STDOUT, STG)#
#2026 04 13 19:06:34.463#Z#DEBUG#be2d3d37-376b-11f1-938a-eeee0a8c9147.BTP_CI_CD_Deployment_CAPM-approuter#flowable-async-job-executor-thread-20346#
[PollStageAppStatusExecution] 56922c12-bbe9-4d92-96fb-99e2e7d3caea [2026-04-13T19:06:26.859397] Cell 77283d80-dfa7-40ba-ba4e-265aef112085 successfully created container for instance 82d9fcf1-89e7-4bd1-9470-ea9ed6a7b51a (STDOUT, STG)#
#2026 04 13 19:06:34.463#Z#DEBUG#be2d3d37-376b-11f1-938a-eeee0a8c9147.BTP_CI_CD_Deployment_CAPM-approuter#flowable-async-job-executor-thread-20346#
[PollStageAppStatusExecution] 56922c12-bbe9-4d92-96fb-99e2e7d3caea [2026-04-13T19:06:27.580921] Downloading app package... (STDOUT, STG)#
#2026 04 13 19:06:34.463#Z#DEBUG#be2d3d37-376b-11f1-938a-eeee0a8c9147.BTP_CI_CD_Deployment_CAPM-approuter#flowable-async-job-executor-thread-20346#
[PollStageAppStatusExecution] 56922c12-bbe9-4d92-96fb-99e2e7d3caea [2026-04-13T19:06:27.580989] Downloading build artifacts cache... (STDOUT, STG)#
#2026 04 13 19:06:34.463#Z#DEBUG#be2d3d37-376b-11f1-938a-eeee0a8c9147.BTP_CI_CD_Deployment_CAPM-approuter#flowable-async-job-executor-thread-20346#
[PollStageAppStatusExecution] 56922c12-bbe9-4d92-96fb-99e2e7d3caea [2026-04-13T19:06:27.670455] Downloaded build artifacts cache (224B) (STDOUT, STG)#
#2026 04 13 19:06:34.463#Z#DEBUG#be2d3d37-376b-11f1-938a-eeee0a8c9147.BTP_CI_CD_Deployment_CAPM-approuter#flowable-async-job-executor-thread-20346#
[PollStageAppStatusExecution] 56922c12-bbe9-4d92-96fb-99e2e7d3caea [2026-04-13T19:06:28.815905] Downloaded app package (7.1M) (STDOUT, STG)#
#2026 04 13 19:06:34.463#Z#DEBUG#be2d3d37-376b-11f1-938a-eeee0a8c9147.BTP_CI_CD_Deployment_CAPM-approuter#flowable-async-job-executor-thread-20346#
[PollStageAppStatusExecution] 56922c12-bbe9-4d92-96fb-99e2e7d3caea [2026-04-13T19:06:29.613862] -----> Nodejs Buildpack version 1.8.44 (STDOUT, STG)#
#2026 04 13 19:06:34.463#Z#DEBUG#be2d3d37-376b-11f1-938a-eeee0a8c9147.BTP_CI_CD_Deployment_CAPM-approuter#flowable-async-job-executor-thread-20346#
[PollStageAppStatusExecution] 56922c12-bbe9-4d92-96fb-99e2e7d3caea [2026-04-13T19:06:30.141651] -----> Bootstrapping python (STDOUT, STG)#
#2026 04 13 19:06:34.463#Z#DEBUG#be2d3d37-376b-11f1-938a-eeee0a8c9147.BTP_CI_CD_Deployment_CAPM-approuter#flowable-async-job-executor-thread-20346#
[PollStageAppStatusExecution] 56922c12-bbe9-4d92-96fb-99e2e7d3caea [2026-04-13T19:06:30.141679] -----> Installing python 3.11.14 (STDOUT, STG)#
#2026 04 13 19:06:34.463#Z#DEBUG#be2d3d37-376b-11f1-938a-eeee0a8c9147.BTP_CI_CD_Deployment_CAPM-approuter#flowable-async-job-executor-thread-20346#
[PollStageAppStatusExecution] 56922c12-bbe9-4d92-96fb-99e2e7d3caea [2026-04-13T19:06:30.141977] Copy [/tmp/buildpacks/978cee5ec9c58000/dependencies/b5e0345ae0ae1932e7d56fffaa49a487/python_3.11.14_linux_x64_cflinuxfs4_66f53248.tgz] (STDOUT, STG)#
#2026 04 13 19:06:44.583#Z#DEBUG#be2d3d37-376b-11f1-938a-eeee0a8c9147.BTP_CI_CD_Deployment_CAPM-approuter#flowable-async-job-executor-thread-20351#
[PollStageAppStatusExecution] 56922c12-bbe9-4d92-96fb-99e2e7d3caea [2026-04-13T19:06:34.539396] -----> Installing binaries (STDOUT, STG)#
#2026 04 13 19:06:44.583#Z#DEBUG#be2d3d37-376b-11f1-938a-eeee0a8c9147.BTP_CI_CD_Deployment_CAPM-approuter#flowable-async-job-executor-thread-20351#
[PollStageAppStatusExecution] 56922c12-bbe9-4d92-96fb-99e2e7d3caea [2026-04-13T19:06:34.539475] engines.node (package.json): unspecified (STDOUT, STG)#
#2026 04 13 19:06:44.583#Z#DEBUG#be2d3d37-376b-11f1-938a-eeee0a8c9147.BTP_CI_CD_Deployment_CAPM-approuter#flowable-async-job-executor-thread-20351#
[PollStageAppStatusExecution] 56922c12-bbe9-4d92-96fb-99e2e7d3caea [2026-04-13T19:06:34.539497] engines.npm (package.json): unspecified (use default) (STDOUT, STG)#
#2026 04 13 19:06:44.583#Z#DEBUG#be2d3d37-376b-11f1-938a-eeee0a8c9147.BTP_CI_CD_Deployment_CAPM-approuter#flowable-async-job-executor-thread-20351#
[PollStageAppStatusExecution] 56922c12-bbe9-4d92-96fb-99e2e7d3caea [2026-04-13T19:06:34.539514] [31;1m**WARNING**[0m Node version not specified in package.json or .nvmrc. See: http://docs.cloudfoundry.org/buildpacks/node/node-tips.html (STDOUT, STG)#
#2026 04 13 19:06:44.583#Z#DEBUG#be2d3d37-376b-11f1-938a-eeee0a8c9147.BTP_CI_CD_Deployment_CAPM-approuter#flowable-async-job-executor-thread-20351#
[PollStageAppStatusExecution] 56922c12-bbe9-4d92-96fb-99e2e7d3caea [2026-04-13T19:06:34.542451] -----> Installing node 22.22.0 (STDOUT, STG)#
#2026 04 13 19:06:44.583#Z#DEBUG#be2d3d37-376b-11f1-938a-eeee0a8c9147.BTP_CI_CD_Deployment_CAPM-approuter#flowable-async-job-executor-thread-20351#
[PollStageAppStatusExecution] 56922c12-bbe9-4d92-96fb-99e2e7d3caea [2026-04-13T19:06:34.542593] Copy [/tmp/buildpacks/978cee5ec9c58000/dependencies/65c50d3a8311e7796847437aebc5aebd/node_22.22.0_linux_x64_cflinuxfs4_a73ffe6d.tgz] (STDOUT, STG)#
#2026 04 13 19:06:44.583#Z#DEBUG#be2d3d37-376b-11f1-938a-eeee0a8c9147.BTP_CI_CD_Deployment_CAPM-approuter#flowable-async-job-executor-thread-20351#
[PollStageAppStatusExecution] 56922c12-bbe9-4d92-96fb-99e2e7d3caea [2026-04-13T19:06:37.387051] Using default npm version: 10.9.4 (STDOUT, STG)#
#2026 04 13 19:06:44.583#Z#DEBUG#be2d3d37-376b-11f1-938a-eeee0a8c9147.BTP_CI_CD_Deployment_CAPM-approuter#flowable-async-job-executor-thread-20351#
[PollStageAppStatusExecution] 56922c12-bbe9-4d92-96fb-99e2e7d3caea [2026-04-13T19:06:37.387075] -----> Installing yarn 1.22.22 (STDOUT, STG)#
#2026 04 13 19:06:44.583#Z#DEBUG#be2d3d37-376b-11f1-938a-eeee0a8c9147.BTP_CI_CD_Deployment_CAPM-approuter#flowable-async-job-executor-thread-20351#
[PollStageAppStatusExecution] 56922c12-bbe9-4d92-96fb-99e2e7d3caea [2026-04-13T19:06:37.387183] Copy [/tmp/buildpacks/978cee5ec9c58000/dependencies/e3a39aedd1236924d69cc2d0637a8ed2/yarn_1.22.22_linux_noarch_any-stack_4911d0a6.tgz] (STDOUT, STG)#
#2026 04 13 19:06:44.583#Z#DEBUG#be2d3d37-376b-11f1-938a-eeee0a8c9147.BTP_CI_CD_Deployment_CAPM-approuter#flowable-async-job-executor-thread-20351#
[PollStageAppStatusExecution] 56922c12-bbe9-4d92-96fb-99e2e7d3caea [2026-04-13T19:06:37.753676] Installed yarn 1.22.22 (STDOUT, STG)#
#2026 04 13 19:06:44.583#Z#DEBUG#be2d3d37-376b-11f1-938a-eeee0a8c9147.BTP_CI_CD_Deployment_CAPM-approuter#flowable-async-job-executor-thread-20351#
[PollStageAppStatusExecution] 56922c12-bbe9-4d92-96fb-99e2e7d3caea [2026-04-13T19:06:37.753700] -----> Creating runtime environment (STDOUT, STG)#
#2026 04 13 19:06:44.583#Z#DEBUG#be2d3d37-376b-11f1-938a-eeee0a8c9147.BTP_CI_CD_Deployment_CAPM-approuter#flowable-async-job-executor-thread-20351#
[PollStageAppStatusExecution] 56922c12-bbe9-4d92-96fb-99e2e7d3caea [2026-04-13T19:06:37.755842] NODE_ENV=production (STDOUT, STG)#
#2026 04 13 19:06:44.583#Z#DEBUG#be2d3d37-376b-11f1-938a-eeee0a8c9147.BTP_CI_CD_Deployment_CAPM-approuter#flowable-async-job-executor-thread-20351#
[PollStageAppStatusExecution] 56922c12-bbe9-4d92-96fb-99e2e7d3caea [2026-04-13T19:06:37.755859] NODE_HOME=/tmp/contents3366614830/deps/0/node (STDOUT, STG)#
#2026 04 13 19:06:44.583#Z#DEBUG#be2d3d37-376b-11f1-938a-eeee0a8c9147.BTP_CI_CD_Deployment_CAPM-approuter#flowable-async-job-executor-thread-20351#
[PollStageAppStatusExecution] 56922c12-bbe9-4d92-96fb-99e2e7d3caea [2026-04-13T19:06:37.755862] NODE_MODULES_CACHE=true (STDOUT, STG)#
#2026 04 13 19:06:44.583#Z#DEBUG#be2d3d37-376b-11f1-938a-eeee0a8c9147.BTP_CI_CD_Deployment_CAPM-approuter#flowable-async-job-executor-thread-20351#
[PollStageAppStatusExecution] 56922c12-bbe9-4d92-96fb-99e2e7d3caea [2026-04-13T19:06:37.755864] NODE_VERBOSE=false (STDOUT, STG)#
#2026 04 13 19:06:44.583#Z#DEBUG#be2d3d37-376b-11f1-938a-eeee0a8c9147.BTP_CI_CD_Deployment_CAPM-approuter#flowable-async-job-executor-thread-20351#
[PollStageAppStatusExecution] 56922c12-bbe9-4d92-96fb-99e2e7d3caea [2026-04-13T19:06:37.755871] NPM_CONFIG_LOGLEVEL=error (STDOUT, STG)#
#2026 04 13 19:06:44.583#Z#DEBUG#be2d3d37-376b-11f1-938a-eeee0a8c9147.BTP_CI_CD_Deployment_CAPM-approuter#flowable-async-job-executor-thread-20351#
[PollStageAppStatusExecution] 56922c12-bbe9-4d92-96fb-99e2e7d3caea [2026-04-13T19:06:37.755874] NPM_CONFIG_PRODUCTION=true (STDOUT, STG)#
#2026 04 13 19:06:44.583#Z#DEBUG#be2d3d37-376b-11f1-938a-eeee0a8c9147.BTP_CI_CD_Deployment_CAPM-approuter#flowable-async-job-executor-thread-20351#
[PollStageAppStatusExecution] 56922c12-bbe9-4d92-96fb-99e2e7d3caea [2026-04-13T19:06:37.755944] -----> Building dependencies (STDOUT, STG)#
#2026 04 13 19:06:44.583#Z#DEBUG#be2d3d37-376b-11f1-938a-eeee0a8c9147.BTP_CI_CD_Deployment_CAPM-approuter#flowable-async-job-executor-thread-20351#
[PollStageAppStatusExecution] 56922c12-bbe9-4d92-96fb-99e2e7d3caea [2026-04-13T19:06:37.755968] Prebuild detected (node_modules already exists) (STDOUT, STG)#
#2026 04 13 19:06:44.583#Z#DEBUG#be2d3d37-376b-11f1-938a-eeee0a8c9147.BTP_CI_CD_Deployment_CAPM-approuter#flowable-async-job-executor-thread-20351#
[PollStageAppStatusExecution] 56922c12-bbe9-4d92-96fb-99e2e7d3caea [2026-04-13T19:06:37.756037] Rebuilding any native modules (STDOUT, STG)#
#2026 04 13 19:06:44.583#Z#DEBUG#be2d3d37-376b-11f1-938a-eeee0a8c9147.BTP_CI_CD_Deployment_CAPM-approuter#flowable-async-job-executor-thread-20351#
[PollStageAppStatusExecution] 56922c12-bbe9-4d92-96fb-99e2e7d3caea [2026-04-13T19:06:38.591194] rebuilt dependencies successfully (STDOUT, STG)#
#2026 04 13 19:06:44.583#Z#DEBUG#be2d3d37-376b-11f1-938a-eeee0a8c9147.BTP_CI_CD_Deployment_CAPM-approuter#flowable-async-job-executor-thread-20351#
[PollStageAppStatusExecution] 56922c12-bbe9-4d92-96fb-99e2e7d3caea [2026-04-13T19:06:38.592360] npm notice (STDOUT, STG)#
#2026 04 13 19:06:44.583#Z#DEBUG#be2d3d37-376b-11f1-938a-eeee0a8c9147.BTP_CI_CD_Deployment_CAPM-approuter#flowable-async-job-executor-thread-20351#
[PollStageAppStatusExecution] 56922c12-bbe9-4d92-96fb-99e2e7d3caea [2026-04-13T19:06:38.592389] npm notice New major version of npm available! 10.9.4 -> 11.12.1 (STDOUT, STG)#
#2026 04 13 19:06:44.583#Z#DEBUG#be2d3d37-376b-11f1-938a-eeee0a8c9147.BTP_CI_CD_Deployment_CAPM-approuter#flowable-async-job-executor-thread-20351#
[PollStageAppStatusExecution] 56922c12-bbe9-4d92-96fb-99e2e7d3caea [2026-04-13T19:06:38.592393] npm notice Changelog: https://github.com/npm/cli/releases/tag/v11.12.1 (STDOUT, STG)#
#2026 04 13 19:06:44.583#Z#DEBUG#be2d3d37-376b-11f1-938a-eeee0a8c9147.BTP_CI_CD_Deployment_CAPM-approuter#flowable-async-job-executor-thread-20351#
[PollStageAppStatusExecution] 56922c12-bbe9-4d92-96fb-99e2e7d3caea [2026-04-13T19:06:38.592395] npm notice To update run: npm install -g npm@11.12.1 (STDOUT, STG)#
#2026 04 13 19:06:44.583#Z#DEBUG#be2d3d37-376b-11f1-938a-eeee0a8c9147.BTP_CI_CD_Deployment_CAPM-approuter#flowable-async-job-executor-thread-20351#
[PollStageAppStatusExecution] 56922c12-bbe9-4d92-96fb-99e2e7d3caea [2026-04-13T19:06:38.592398] npm notice (STDOUT, STG)#
#2026 04 13 19:06:44.583#Z#DEBUG#be2d3d37-376b-11f1-938a-eeee0a8c9147.BTP_CI_CD_Deployment_CAPM-approuter#flowable-async-job-executor-thread-20351#
[PollStageAppStatusExecution] 56922c12-bbe9-4d92-96fb-99e2e7d3caea [2026-04-13T19:06:38.669386] Installing any new modules (package.json + package-lock.json) (STDOUT, STG)#
#2026 04 13 19:06:44.583#Z#DEBUG#be2d3d37-376b-11f1-938a-eeee0a8c9147.BTP_CI_CD_Deployment_CAPM-approuter#flowable-async-job-executor-thread-20351#
[PollStageAppStatusExecution] 56922c12-bbe9-4d92-96fb-99e2e7d3caea [2026-04-13T19:06:39.454151] up to date in 706ms (STDOUT, STG)#
#2026 04 13 19:06:44.583#Z#DEBUG#be2d3d37-376b-11f1-938a-eeee0a8c9147.BTP_CI_CD_Deployment_CAPM-approuter#flowable-async-job-executor-thread-20351#
[PollStageAppStatusExecution] 56922c12-bbe9-4d92-96fb-99e2e7d3caea [2026-04-13T19:06:39.454255] 30 packages are looking for funding (STDOUT, STG)#
#2026 04 13 19:06:44.583#Z#DEBUG#be2d3d37-376b-11f1-938a-eeee0a8c9147.BTP_CI_CD_Deployment_CAPM-approuter#flowable-async-job-executor-thread-20351#
[PollStageAppStatusExecution] 56922c12-bbe9-4d92-96fb-99e2e7d3caea [2026-04-13T19:06:39.454276] run `npm fund` for details (STDOUT, STG)#
#2026 04 13 19:06:44.583#Z#DEBUG#be2d3d37-376b-11f1-938a-eeee0a8c9147.BTP_CI_CD_Deployment_CAPM-approuter#flowable-async-job-executor-thread-20351#
[PollStageAppStatusExecution] 56922c12-bbe9-4d92-96fb-99e2e7d3caea [2026-04-13T19:06:40.493500] Contrast Security no credentials found. Will not write environment files. (STDOUT, STG)#
#2026 04 13 19:06:54.705#Z#DEBUG#be2d3d37-376b-11f1-938a-eeee0a8c9147.BTP_CI_CD_Deployment_CAPM-approuter#flowable-async-job-executor-thread-16206#
[PollStageAppStatusExecution] 56922c12-bbe9-4d92-96fb-99e2e7d3caea [2026-04-13T19:06:51.570972] Exit status 0 (STDOUT, STG)#
#2026 04 13 19:06:54.705#Z#DEBUG#be2d3d37-376b-11f1-938a-eeee0a8c9147.BTP_CI_CD_Deployment_CAPM-approuter#flowable-async-job-executor-thread-16206#
[PollStageAppStatusExecution] 56922c12-bbe9-4d92-96fb-99e2e7d3caea [2026-04-13T19:06:51.571032] Uploading droplet, build artifacts cache... (STDOUT, STG)#
#2026 04 13 19:06:54.705#Z#DEBUG#be2d3d37-376b-11f1-938a-eeee0a8c9147.BTP_CI_CD_Deployment_CAPM-approuter#flowable-async-job-executor-thread-16206#
[PollStageAppStatusExecution] 56922c12-bbe9-4d92-96fb-99e2e7d3caea [2026-04-13T19:06:51.571075] Uploading droplet... (STDOUT, STG)#
#2026 04 13 19:06:54.705#Z#DEBUG#be2d3d37-376b-11f1-938a-eeee0a8c9147.BTP_CI_CD_Deployment_CAPM-approuter#flowable-async-job-executor-thread-16206#
[PollStageAppStatusExecution] 56922c12-bbe9-4d92-96fb-99e2e7d3caea [2026-04-13T19:06:51.571170] Uploading build artifacts cache... (STDOUT, STG)#
#2026 04 13 19:06:54.705#Z#DEBUG#be2d3d37-376b-11f1-938a-eeee0a8c9147.BTP_CI_CD_Deployment_CAPM-approuter#flowable-async-job-executor-thread-16206#
[PollStageAppStatusExecution] 56922c12-bbe9-4d92-96fb-99e2e7d3caea [2026-04-13T19:06:51.604228] Uploaded build artifacts cache (222B) (STDOUT, STG)#
#2026 04 13 19:06:54.705#Z#DEBUG#be2d3d37-376b-11f1-938a-eeee0a8c9147.BTP_CI_CD_Deployment_CAPM-approuter#flowable-async-job-executor-thread-16206#
[PollStageAppStatusExecution] 56922c12-bbe9-4d92-96fb-99e2e7d3caea [2026-04-13T19:06:52.404223] Creating droplet for app with guid 56922c12-bbe9-4d92-96fb-99e2e7d3caea (STDOUT, API)#
#2026 04 13 19:07:04.701#Z#DEBUG#be2d3d37-376b-11f1-938a-eeee0a8c9147.BTP_CI_CD_Deployment_CAPM-approuter#flowable-async-job-executor-thread-16215#
[PollStageAppStatusExecution] 56922c12-bbe9-4d92-96fb-99e2e7d3caea [2026-04-13T19:06:55.473561] Uploaded droplet (62.1M) (STDOUT, STG)#
#2026 04 13 19:07:04.701#Z#DEBUG#be2d3d37-376b-11f1-938a-eeee0a8c9147.BTP_CI_CD_Deployment_CAPM-approuter#flowable-async-job-executor-thread-16215#
[PollStageAppStatusExecution] 56922c12-bbe9-4d92-96fb-99e2e7d3caea [2026-04-13T19:06:55.497652] Uploading complete (STDOUT, STG)#
#2026 04 13 19:07:04.701#Z#DEBUG#be2d3d37-376b-11f1-938a-eeee0a8c9147.BTP_CI_CD_Deployment_CAPM-approuter#flowable-async-job-executor-thread-16215#
[PollStageAppStatusExecution] 56922c12-bbe9-4d92-96fb-99e2e7d3caea [2026-04-13T19:06:57.160497] Cell 77283d80-dfa7-40ba-ba4e-265aef112085 stopping instance 82d9fcf1-89e7-4bd1-9470-ea9ed6a7b51a (STDOUT, STG)#
#2026 04 13 19:07:04.701#Z#DEBUG#be2d3d37-376b-11f1-938a-eeee0a8c9147.BTP_CI_CD_Deployment_CAPM-approuter#flowable-async-job-executor-thread-16215#
[PollStageAppStatusExecution] 56922c12-bbe9-4d92-96fb-99e2e7d3caea [2026-04-13T19:06:57.160572] Cell 77283d80-dfa7-40ba-ba4e-265aef112085 destroying container for instance 82d9fcf1-89e7-4bd1-9470-ea9ed6a7b51a (STDOUT, STG)#
#2026 04 13 19:07:04.701#Z#DEBUG#be2d3d37-376b-11f1-938a-eeee0a8c9147.BTP_CI_CD_Deployment_CAPM-approuter#flowable-async-job-executor-thread-16215#
[PollStageAppStatusExecution] 56922c12-bbe9-4d92-96fb-99e2e7d3caea [2026-04-13T19:06:57.211485] Staging complete for build 82d9fcf1-89e7-4bd1-9470-ea9ed6a7b51a (STDOUT, API)#
#2026 04 13 19:07:04.701#Z#DEBUG#be2d3d37-376b-11f1-938a-eeee0a8c9147.BTP_CI_CD_Deployment_CAPM-approuter#flowable-async-job-executor-thread-16215#
[PollStageAppStatusExecution] 56922c12-bbe9-4d92-96fb-99e2e7d3caea [2026-04-13T19:07:00.519531] Cell 77283d80-dfa7-40ba-ba4e-265aef112085 successfully destroyed container for instance 82d9fcf1-89e7-4bd1-9470-ea9ed6a7b51a (STDOUT, STG)#
#2026 04 13 19:07:14.831#Z#DEBUG#be2d3d37-376b-11f1-938a-eeee0a8c9147.BTP_CI_CD_Deployment_CAPM-approuter#flowable-async-job-executor-thread-14017#
[PollStartAppStatusExecution] 56922c12-bbe9-4d92-96fb-99e2e7d3caea [2026-04-13T19:07:04.774687] Updated app with guid 56922c12-bbe9-4d92-96fb-99e2e7d3caea ({:droplet_guid=>"deb0b174-9cf9-4b9e-8d7d-6845dd56a3a2"}) (STDOUT, API)#
#2026 04 13 19:07:14.831#Z#DEBUG#be2d3d37-376b-11f1-938a-eeee0a8c9147.BTP_CI_CD_Deployment_CAPM-approuter#flowable-async-job-executor-thread-14017#
[PollStartAppStatusExecution] 56922c12-bbe9-4d92-96fb-99e2e7d3caea [2026-04-13T19:07:05.070732] Creating revision for app with guid 56922c12-bbe9-4d92-96fb-99e2e7d3caea (STDOUT, API)#
#2026 04 13 19:07:14.831#Z#DEBUG#be2d3d37-376b-11f1-938a-eeee0a8c9147.BTP_CI_CD_Deployment_CAPM-approuter#flowable-async-job-executor-thread-14017#
[PollStartAppStatusExecution] 56922c12-bbe9-4d92-96fb-99e2e7d3caea [2026-04-13T19:07:05.111199] Starting app with guid 56922c12-bbe9-4d92-96fb-99e2e7d3caea (STDOUT, API)#
#2026 04 13 19:07:14.831#Z#DEBUG#be2d3d37-376b-11f1-938a-eeee0a8c9147.BTP_CI_CD_Deployment_CAPM-approuter#flowable-async-job-executor-thread-14017#
[PollStartAppStatusExecution] 56922c12-bbe9-4d92-96fb-99e2e7d3caea [2026-04-13T19:07:05.346652] Cell 684caff8-89cd-492b-be01-b3d0835f1763 creating container for instance 2eba1f98-4fe7-47b9-4d11-cba0 (STDOUT, CELL)#
#2026 04 13 19:07:14.831#Z#DEBUG#be2d3d37-376b-11f1-938a-eeee0a8c9147.BTP_CI_CD_Deployment_CAPM-approuter#flowable-async-job-executor-thread-14017#
[PollStartAppStatusExecution] 56922c12-bbe9-4d92-96fb-99e2e7d3caea [2026-04-13T19:07:06.361585] Security group rules were updated (STDOUT, CELL)#
#2026 04 13 19:07:14.831#Z#DEBUG#be2d3d37-376b-11f1-938a-eeee0a8c9147.BTP_CI_CD_Deployment_CAPM-approuter#flowable-async-job-executor-thread-14017#
[PollStartAppStatusExecution] 56922c12-bbe9-4d92-96fb-99e2e7d3caea [2026-04-13T19:07:06.475135] Cell 684caff8-89cd-492b-be01-b3d0835f1763 successfully created container for instance 2eba1f98-4fe7-47b9-4d11-cba0 (STDOUT, CELL)#
#2026 04 13 19:07:14.831#Z#DEBUG#be2d3d37-376b-11f1-938a-eeee0a8c9147.BTP_CI_CD_Deployment_CAPM-approuter#flowable-async-job-executor-thread-14017#
[PollStartAppStatusExecution] 56922c12-bbe9-4d92-96fb-99e2e7d3caea [2026-04-13T19:07:06.906123] Downloading droplet... (STDOUT, CELL)#
#2026 04 13 19:07:14.831#Z#DEBUG#be2d3d37-376b-11f1-938a-eeee0a8c9147.BTP_CI_CD_Deployment_CAPM-approuter#flowable-async-job-executor-thread-14017#
[PollStartAppStatusExecution] 56922c12-bbe9-4d92-96fb-99e2e7d3caea [2026-04-13T19:07:11.482741] Downloaded droplet (62.1M) (STDOUT, CELL)#
#2026 04 13 19:07:14.831#Z#DEBUG#be2d3d37-376b-11f1-938a-eeee0a8c9147.BTP_CI_CD_Deployment_CAPM-approuter#flowable-async-job-executor-thread-14017#
[PollStartAppStatusExecution] 56922c12-bbe9-4d92-96fb-99e2e7d3caea [2026-04-13T19:07:11.482867] Starting health monitoring of container (STDOUT, CELL)#
#2026 04 13 19:07:14.831#Z#DEBUG#be2d3d37-376b-11f1-938a-eeee0a8c9147.BTP_CI_CD_Deployment_CAPM-approuter#flowable-async-job-executor-thread-14017#
[PollStartAppStatusExecution] 56922c12-bbe9-4d92-96fb-99e2e7d3caea [2026-04-13T19:07:11.634333] Invoking pre-start scripts. (STDOUT, APP/PROC/WEB)#
#2026 04 13 19:07:14.831#Z#DEBUG#be2d3d37-376b-11f1-938a-eeee0a8c9147.BTP_CI_CD_Deployment_CAPM-approuter#flowable-async-job-executor-thread-14017#
[PollStartAppStatusExecution] 56922c12-bbe9-4d92-96fb-99e2e7d3caea [2026-04-13T19:07:11.869210] Invoking start command. (STDOUT, APP/PROC/WEB)#
#2026 04 13 19:07:14.831#Z#DEBUG#be2d3d37-376b-11f1-938a-eeee0a8c9147.BTP_CI_CD_Deployment_CAPM-approuter#flowable-async-job-executor-thread-14017#
[PollStartAppStatusExecution] 56922c12-bbe9-4d92-96fb-99e2e7d3caea [2026-04-13T19:07:12.372668] > start (STDOUT, APP/PROC/WEB)#
#2026 04 13 19:07:14.831#Z#DEBUG#be2d3d37-376b-11f1-938a-eeee0a8c9147.BTP_CI_CD_Deployment_CAPM-approuter#flowable-async-job-executor-thread-14017#
[PollStartAppStatusExecution] 56922c12-bbe9-4d92-96fb-99e2e7d3caea [2026-04-13T19:07:12.372698] > node node_modules/@sap/approuter/approuter.js (STDOUT, APP/PROC/WEB)#
#2026 04 13 19:07:14.831#Z#DEBUG#be2d3d37-376b-11f1-938a-eeee0a8c9147.BTP_CI_CD_Deployment_CAPM-approuter#flowable-async-job-executor-thread-14017#
[PollStartAppStatusExecution] 56922c12-bbe9-4d92-96fb-99e2e7d3caea [2026-04-13T19:07:12.566104] {"written_at":"2026-04-13T19:07:12.564Z","written_ts":1776107232564000000,"csn_component":"-","correlation_id":"-","type":"log","logger":"nodejs-logger","layer":"/LoggingLibrary","level":"warning","container_id":"10.32.1.6","component_type":"application","component_id":"56922c12-bbe9-4d92-96fb-99e2e7d3caea","component_name":"BTP_CI_CD_Deployment_CAPM-approuter","component_instance":-1,"source_instance":-1,"organization_id":"ceb260de-7f8b-47c1-95d6-4dc331530e2d","organization_name":"582fef10trial","space_id":"811bddec-c6a1-40f6-88ee-deeab5d43e93","space_name":"dev","context_id":"","msg":"Dynamic log level switching not available"} (STDOUT, APP/PROC/WEB)#
#2026 04 13 19:07:14.831#Z#DEBUG#be2d3d37-376b-11f1-938a-eeee0a8c9147.BTP_CI_CD_Deployment_CAPM-approuter#flowable-async-job-executor-thread-14017#
[PollStartAppStatusExecution] 56922c12-bbe9-4d92-96fb-99e2e7d3caea [2026-04-13T19:07:13.185947] {"written_at":"2026-04-13T19:07:13.185Z","written_ts":1776107233185000000,"csn_component":"-","correlation_id":"mnxke00x","type":"log","logger":"nodejs-logger","layer":"/approuter","level":"info","container_id":"10.32.1.6","component_type":"application","component_id":"56922c12-bbe9-4d92-96fb-99e2e7d3caea","component_name":"BTP_CI_CD_Deployment_CAPM-approuter","component_instance":-1,"source_instance":-1,"organization_id":"ceb260de-7f8b-47c1-95d6-4dc331530e2d","organization_name":"582fef10trial","space_id":"811bddec-c6a1-40f6-88ee-deeab5d43e93","space_name":"dev","context_id":"mnxke00x","msg":"Application router version 21.2.0"} (STDOUT, APP/PROC/WEB)#
#2026 04 13 19:07:14.831#Z#DEBUG#be2d3d37-376b-11f1-938a-eeee0a8c9147.BTP_CI_CD_Deployment_CAPM-approuter#flowable-async-job-executor-thread-14017#
[PollStartAppStatusExecution] 56922c12-bbe9-4d92-96fb-99e2e7d3caea [2026-04-13T19:07:13.191460] {"written_at":"2026-04-13T19:07:13.191Z","written_ts":1776107233191000000,"csn_component":"-","correlation_id":"mnxke013","type":"log","logger":"nodejs-logger","layer":"/Configuration","level":"info","container_id":"10.32.1.6","component_type":"application","component_id":"56922c12-bbe9-4d92-96fb-99e2e7d3caea","component_name":"BTP_CI_CD_Deployment_CAPM-approuter","component_instance":-1,"source_instance":-1,"organization_id":"ceb260de-7f8b-47c1-95d6-4dc331530e2d","organization_name":"582fef10trial","space_id":"811bddec-c6a1-40f6-88ee-deeab5d43e93","space_name":"dev","context_id":"mnxke013","msg":"No COOKIES environment variable"} (STDOUT, APP/PROC/WEB)#
#2026 04 13 19:07:14.831#Z#DEBUG#be2d3d37-376b-11f1-938a-eeee0a8c9147.BTP_CI_CD_Deployment_CAPM-approuter#flowable-async-job-executor-thread-14017#
[PollStartAppStatusExecution] 56922c12-bbe9-4d92-96fb-99e2e7d3caea [2026-04-13T19:07:13.199251] {"written_at":"2026-04-13T19:07:13.198Z","written_ts":1776107233198000000,"csn_component":"-","correlation_id":"mnxke01a","type":"log","logger":"nodejs-logger","layer":"/Configuration","level":"info","container_id":"10.32.1.6","component_type":"application","component_id":"56922c12-bbe9-4d92-96fb-99e2e7d3caea","component_name":"BTP_CI_CD_Deployment_CAPM-approuter","component_instance":-1,"source_instance":-1,"organization_id":"ceb260de-7f8b-47c1-95d6-4dc331530e2d","organization_name":"582fef10trial","space_id":"811bddec-c6a1-40f6-88ee-deeab5d43e93","space_name":"dev","context_id":"mnxke01a","msg":"xs-app.json: Application does not have directory for static resources!"} (STDOUT, APP/PROC/WEB)#
#2026 04 13 19:07:14.831#Z#DEBUG#be2d3d37-376b-11f1-938a-eeee0a8c9147.BTP_CI_CD_Deployment_CAPM-approuter#flowable-async-job-executor-thread-14017#
[PollStartAppStatusExecution] 56922c12-bbe9-4d92-96fb-99e2e7d3caea [2026-04-13T19:07:13.220934] {"written_at":"2026-04-13T19:07:13.220Z","written_ts":1776107233220000000,"csn_component":"-","correlation_id":"mnxke00x","type":"log","logger":"nodejs-logger","layer":"/approuter","level":"error","container_id":"10.32.1.6","component_type":"application","component_id":"56922c12-bbe9-4d92-96fb-99e2e7d3caea","component_name":"BTP_CI_CD_Deployment_CAPM-approuter","component_instance":-1,"source_instance":-1,"organization_id":"ceb260de-7f8b-47c1-95d6-4dc331530e2d","organization_name":"582fef10trial","space_id":"811bddec-c6a1-40f6-88ee-deeab5d43e93","space_name":"dev","context_id":"mnxke00x","msg":"Skipping IAS identityzone population at startup: app_tid missing"} (STDOUT, APP/PROC/WEB)#
#2026 04 13 19:07:14.831#Z#DEBUG#be2d3d37-376b-11f1-938a-eeee0a8c9147.BTP_CI_CD_Deployment_CAPM-approuter#flowable-async-job-executor-thread-14017#
[PollStartAppStatusExecution] 56922c12-bbe9-4d92-96fb-99e2e7d3caea [2026-04-13T19:07:13.226873] {"written_at":"2026-04-13T19:07:13.226Z","written_ts":1776107233226000000,"csn_component":"-","correlation_id":"mnxke00x","type":"log","logger":"nodejs-logger","layer":"/approuter","level":"info","container_id":"10.32.1.6","component_type":"application","component_id":"56922c12-bbe9-4d92-96fb-99e2e7d3caea","component_name":"BTP_CI_CD_Deployment_CAPM-approuter","component_instance":-1,"source_instance":-1,"organization_id":"ceb260de-7f8b-47c1-95d6-4dc331530e2d","organization_name":"582fef10trial","space_id":"811bddec-c6a1-40f6-88ee-deeab5d43e93","space_name":"dev","context_id":"mnxke00x","msg":"Application router is listening on port: 8080"} (STDOUT, APP/PROC/WEB)#
#2026 04 13 19:07:24.877#Z#DEBUG#be2d3d37-376b-11f1-938a-eeee0a8c9147.BTP_CI_CD_Deployment_CAPM-approuter#flowable-async-job-executor-thread-16222#
[PollStartAppStatusExecution] 56922c12-bbe9-4d92-96fb-99e2e7d3caea [2026-04-13T19:07:14.878906] Container became healthy (STDOUT, CELL)#
#2026 04 13 19:07:24.877#Z#DEBUG#be2d3d37-376b-11f1-938a-eeee0a8c9147.BTP_CI_CD_Deployment_CAPM-approuter#flowable-async-job-executor-thread-16222#
[PollStartAppStatusExecution] 56922c12-bbe9-4d92-96fb-99e2e7d3caea [2026-04-13T19:07:14.905139] Process became ready with guid 56922c12-bbe9-4d92-96fb-99e2e7d3caea payload: {"instance"=>"2eba1f98-4fe7-47b9-4d11-cba0", "index"=>0, "cell_id"=>"684caff8-89cd-492b-be01-b3d0835f1763", "ready"=>true, "version"=>"c431a81a-714a-4371-83d1-b138cb96dac1"} (STDOUT, API)#
